Running Gradle task 'assembleDebug'...                          
flutter : WARNING: A restricted 
method in java.lang.System has 
been called
Au caractère Ligne:1 : 143
+ ... feres\jdk17\bin;" + 
$env:PATH; flutter build apk 
--debug 2>&1 | Out-F ...
+                                  
  ~~~~~~~~~~~~~~~~~~~~~~~~~~~~~~
    + CategoryInfo          : NotS 
   pecified: (WARNING: A rest...h  
  as been called:String) [], Rem   
 oteException
    + FullyQualifiedErrorId : Nati 
   veCommandError
 
WARNING: java.lang.System::load 
has been called by net.rubygrapefru
it.platform.internal.NativeLibraryL
oader in an unnamed module (file:/C
:/Users/feres/.gradle/wrapper/dists
/gradle-8.13-all/54h0s9kvb6g2sinako
7ub77ku/gradle-8.13/lib/native-plat
form-0.22-milestone-28.jar)
WARNING: Use 
--enable-native-access=ALL-UNNAMED 
to avoid a warning for callers in 
this module
WARNING: Restricted methods will 
be blocked in a future release 
unless native access is enabled

Running Gradle task 'assembleDebug'...                             14.0s
Gradle task assembleDebug failed 
with exit code 1
